{
  "arithmetic-operator": [
    "+"
  ],
  "value-returning-code": [
    {
      "in-place": {
        "atomic": {
          "number": {
            "integer": {
              "digits": "1"
            }
          }
        }
      }
    },
    {
      "in-place": {
        "atomic": {
          "number": {
            "integer": {
              "digits": "1"
            }
          }
        }
      }
    }
  ]
}
