{
  "logical-operator": [
    ".or."
  ],
  "logical-value-returning-code": [
    {
      "boolean": ".true. "
    },
    {
      "boolean": ".false."
    }
  ]
}
