{
  "in-place": {
    "atomic": {
      "string": "\"this is a string\""
    }
  }
}
