{
  "in-place": {
    "atomic": {
      "boolean": ".true."
    }
  }
}
