{
  "in-place": {
    "in-place-array": {
      "strings": {
        "string": [
          "\"first\"",
          "\"second\"",
          "\"third\" "
        ]
      }
    }
  }
}
