{
  "value-returning-code-no-statement": [
    {
      "in-place": {
        "atomic": {
          "number": {
            "float": {
              "precision-spec": {
                "name": "wp"
              }
            }
          }
        }
      }
    },
    {
      "in-place": {
        "atomic": {
          "number": {
            "float": {
              "precision-spec": {
                "name": "wp"
              }
            }
          }
        }
      }
    }
  ],
  "operator": "+"
}
