{
  "in-place": {
    "atomic": {
      "boolean": ".TRUE."
    }
  }
}
