{
  "in-place": {
    "atomic": {
      "strings": {
        "string": [
          "\"this is a string\""
        ]
      }
    }
  }
}
