{
  "indexed-array": {
    "name": "var",
    "array-indices": {
      "array-index": [
        {
          "name": "n"
        }
      ]
    }
  }
}
