{
  "indexed-array": {
    "name": "var",
    "array-indices": {
      "array-index": [
        {
          "array-index-region": {
            "value-returning-code": [
              
            ]
          }
        },
        {
          "array-index-region": {
            "value-returning-code": [
              
            ]
          }
        },
        {
          "array-index-region": {
            "value-returning-code": [
              
            ]
          }
        }
      ]
    }
  }
}
