{
  "logical-operator": [
    ".and."
  ],
  "logical-value-returning-code": [
    {
      "boolean": ".true. "
    },
    {
      "boolean": ".true."
    }
  ]
}
