{
  "logical-operator": [
    ".or."
  ],
  "value-returning-code": [
    {
      "in-place": {
        "atomic": {
          "boolean": ".true."
        }
      }
    },
    {
      "in-place": {
        "atomic": {
          "boolean": ".false."
        }
      }
    }
  ]
}
