{
  "value-returning-code-no-statement": [
    {
      "in-place": {
        "atomic": {
          "number": {
            "float": "1"
          }
        }
      }
    },
    {
      "in-place": {
        "atomic": {
          "number": {
            "float": "1"
          }
        }
      }
    }
  ],
  "operator": "+"
}
