{
  "value-returning-code-no-statement": [
    {
      "in-place": {
        "atomic": {
          "number": {
            "float": "1.23"
          }
        }
      }
    },
    {
      "in-place": {
        "atomic": {
          "number": {
            "float": "3.456"
          }
        }
      }
    }
  ],
  "operator": "+"
}
