{
  "in-place": {
    "atomic": {
      "number": {
        "sign": "- ",
        "float": {
          "digits": [
            "12",
            "34"
          ]
        }
      }
    }
  }
}
