{
  "in-place": {
    "atomic": {
      "boolean": ".false."
    }
  }
}
