{
  "in-place": {
    "atomic": {
      "boolean": ".FALSE."
    }
  }
}
