{
  "in-place": {
    "atomic": {
      "number": {
        "sign": "- ",
        "integer": {
          "digits": "1234"
        }
      }
    }
  }
}
